Status	/datasets/data_4/nison/NGS_libraries/RNAseq_hcr10D-series_bud-seedling/01_STAR/Col_s_1_Aligned.sortedByCoord.out.bam	/datasets/data_4/nison/NGS_libraries/RNAseq_hcr10D-series_bud-seedling/01_STAR/Col_s_2_Aligned.sortedByCoord.out.bam	/datasets/data_4/nison/NGS_libraries/RNAseq_hcr10D-series_bud-seedling/01_STAR/Col_s_3_Aligned.sortedByCoord.out.bam	/datasets/data_4/nison/NGS_libraries/RNAseq_hcr10D-series_bud-seedling/01_STAR/Col_1_Aligned.sortedByCoord.out.bam	/datasets/data_4/nison/NGS_libraries/RNAseq_hcr10D-series_bud-seedling/01_STAR/Col_2_Aligned.sortedByCoord.out.bam	/datasets/data_4/nison/NGS_libraries/RNAseq_hcr10D-series_bud-seedling/01_STAR/Col_3_Aligned.sortedByCoord.out.bam
Assigned	65896457	65886650	66472571	66166378	66335354	66711777
Unassigned_Unmapped	0	0	0	0	0	0
Unassigned_Read_Type	0	0	0	0	0	0
Unassigned_Singleton	0	0	0	0	0	0
Unassigned_MappingQuality	0	0	0	0	0	0
Unassigned_Chimera	0	0	0	0	0	0
Unassigned_FragmentLength	0	0	0	0	0	0
Unassigned_Duplicate	0	0	0	0	0	0
Unassigned_MultiMapping	3347100	3332468	3347320	4160530	4321192	4100036
Unassigned_Secondary	0	0	0	0	0	0
Unassigned_NonSplit	0	0	0	0	0	0
Unassigned_NoFeatures	4180950	4100715	3489498	3330777	3541430	3093024
Unassigned_Overlapping_Length	0	0	0	0	0	0
Unassigned_Ambiguity	139823	142185	141145	122089	121534	121221
